// Jest Snapshot v1, https://goo.gl/fbAQLP

exports[`should test ManageUsers component 1`] = `
<ForwardRef
  bordered={true}
  hover={true}
  responsive={true}
  striped={true}
>
  <thead>
    <tr>
      <th>
        #
      </th>
      <th>
        Name
      </th>
      <th>
        Phone Number
      </th>
      <th>
        E-mail
      </th>
      <th>
        City
      </th>
      <th>
        Address
      </th>
      <th>
        Action
      </th>
    </tr>
  </thead>
  <tbody>
    <tr>
      <td />
      <td />
      <td />
      <td />
      <td />
      <td />
      <td>
         
        <Button
          active={false}
          disabled={false}
          onClick={[Function]}
          variant="warning"
        >
          DELETE
        </Button>
      </td>
    </tr>
  </tbody>
</ForwardRef>
`;

exports[`should test PaginationPage component 1`] = `
<Pagination
  aria-label="Page navigation example"
  className="paginationcss"
  listTag="ul"
  tag="nav"
/>
`;
