// Jest Snapshot v1, https://goo.gl/fbAQLP

exports[`should test Footer component 1`] = `
<div
  className="footer-container"
>
  <section
    className="footer-subscription"
  >
    <p
      className="footer-subscription-heading"
    >
      Join us for a better environment
    </p>
  </section>
  <div
    className="footer-links"
  >
    <div
      className="footer-link-wrapper"
    >
      <div
        className="footer-link-items"
      >
        <h2>
          About Us
        </h2>
        <Link
          className="footerlinks"
          to="/AboutUs"
        >
          About Us
        </Link>
        <Link
          className="footerlinks"
          to="/Goals"
        >
          Goals
        </Link>
        <Link
          className="footerlinks"
          to="/Achievements"
        >
          Achievements
        </Link>
        <Link
          className="footerlinks"
          to="/OurTeam"
        >
          Our Team
        </Link>
      </div>
      <div
        className="footer-link-items"
      >
        <h2>
          Services
        </h2>
        <Link
          className="footerlinks"
          to="/Services"
        >
          Our Services
        </Link>
        <Link
          className="footerlinks"
          to="/Ewaste"
        >
          Ewaste
        </Link>
        <Link
          className="footerlinks"
          to="/Disposing"
        >
          Dispose
        </Link>
        <Link
          className="footerlinks"
          to="/Donating"
        >
          Donate
        </Link>
      </div>
      <div
        className="footer-link-items"
      >
        <h2>
          Contact Us
        </h2>
        <Link
          className="footerlinks"
          to="/ContactUs"
        >
          Contact
        </Link>
        <Link
          className="footerlinks"
          to="/Testimonials"
        >
          Testimonials
        </Link>
        <Link
          className="footerlinks"
          to="/RepresentativeSignUp"
        >
          Join us
        </Link>
      </div>
    </div>
    <div
      className="footer-link-wrapper"
    />
  </div>
  <section
    className="social-media"
  >
    <div
      className="social-media-wrap"
    >
      <div
        className="footer-logo"
      >
        <hr />
      </div>
      <div
        className="socialicons"
      >
        <Link
          aria-label="Facebook"
          className="social-icon-link facebook"
          target="_blank"
          to=""
        >
          <a
            href="https://www.facebook.com/"
          >
            <i
              className="fab fa-facebook-f"
              href="https://www.facebook.com/"
            />
          </a>
        </Link>
        <Link
          aria-label="Instagram"
          className="social-icon-link instagram"
          target="_blank"
          to="/"
        >
          <a
            href="https://www.instagram.com/"
          >
            <i
              className="fab fa-instagram"
              href="https://www.facebook.com/"
            />
          </a>
        </Link>
        <Link
          aria-label="Youtube"
          className="social-icon-link youtube"
          target="_blank"
          to="/"
        >
          <a
            href="https://www.youtube.com/?gl=IN"
          >
             
            <i
              className="fab fa-youtube"
              href="https://www.facebook.com/"
            />
          </a>
        </Link>
        <Link
          aria-label="Twitter"
          className="social-icon-link twitter"
          target="_blank"
          to="/"
        >
          <a
            href="https://twitter.com/?lang=en-in"
          >
             
            <i
              className="fab fa-twitter"
              href="https://www.facebook.com/"
            />
          </a>
        </Link>
        <Link
          aria-label="LinkedIn"
          className="social-icon-link twitter"
          target="_blank"
          to="/"
        >
          <a
            href="https://www.linkedin.com/login/"
          >
            <i
              className="fab fa-linkedin"
              href="https://www.facebook.com/"
            />
          </a>
        </Link>
      </div>
    </div>
  </section>
</div>
`;
