// Jest Snapshot v1, https://goo.gl/fbAQLP

exports[`should test PageNotFound component 1`] = `
<div
  className="text-center"
>
  <Image
    fluid={false}
    height={650}
    rounded={false}
    roundedCircle={false}
    src="https://miro.medium.com/max/5120/1*DeBkx8vjbumpCO-ZkPE9Cw.png"
    thumbnail={false}
    width={650}
  />
  <Link
    to="/"
  >
    <Button
      active={false}
      disabled={false}
      variant="info"
    >
      Back to Home
    </Button>
  </Link>
</div>
`;
