// Jest Snapshot v1, https://goo.gl/fbAQLP

exports[`should test Testimonials component 1`] = `
<Container
  fluid={true}
>
  <Carousel
    className="testimonial"
    controls={true}
    defaultActiveIndex={0}
    fade={false}
    indicators={true}
    interval={5000}
    keyboard={true}
    nextIcon={
      <span
        aria-hidden="true"
        className="carousel-control-next-icon"
      />
    }
    nextLabel="Next"
    pause="hover"
    prevIcon={
      <span
        aria-hidden="true"
        className="carousel-control-prev-icon"
      />
    }
    prevLabel="Previous"
    slide={true}
    touch={true}
    wrap={true}
  >
    <CarouselItem
      interval={1000}
    >
      <Card
        body={false}
        className="test1"
      >
        <div
          class="testcontainer"
        >
          <div
            class="testcarousel-caption"
          >
            <p>
              The need of the handling the waste the right way is more important now than never, the waste needs to be properly disposed to prevent further harm to the environment. 
            </p>
             
            <img
              alt=""
              src="assets/images/img3.jpg"
              style={
                Object {
                  "height": "100px",
                }
              }
            />
            <div
              id="image-caption"
            >
              Nick Doe
            </div>
          </div>
        </div>
      </Card>
    </CarouselItem>
    <CarouselItem>
      <Card
        body={false}
        className="test1"
      >
        <div
          class="testcontainer"
        >
          <div
            class="testcarousel-caption"
          >
            <p>
               We really need to step up to change the way the waste being handled for our younger generation. And i can say that using this application we are one step close to. 
            </p>
             
            <img
              alt=""
              src="assets/images/img4.jpg"
              style={
                Object {
                  "height": "100px",
                }
              }
            />
            <div
              id="image-caption"
            >
              Robert
            </div>
          </div>
        </div>
      </Card>
    </CarouselItem>
    <CarouselItem>
      <Card
        body={false}
        className="test1"
      >
        <div
          class="testcontainer"
        >
          <div
            class="testcarousel-caption"
          >
            <p>
              I am happy that the items that i no longer use or need are able to reach the hands of the people who need them the most giving me an opportunity to serve the society. 
            </p>
             
            <img
              alt=""
              src="assets/images/img1.jpeg"
              style={
                Object {
                  "height": "100px",
                }
              }
            />
            <div
              id="image-caption"
            >
              Chris
            </div>
          </div>
        </div>
      </Card>
    </CarouselItem>
  </Carousel>
</Container>
`;
